venv\Scripts\python.exe : WARNING:tensorflow:From 
C:\Users\asus\Desktop\Project\FloodDashboard\venv\lib\site-packages\keras\src\losses.py:2976: The name 
tf.losses.sparse_softmax_cross_entropy is deprecated. Please use tf.compat.v1.losses.sparse_softmax_cross_entropy 
instead.
At line:1 char:1
+ venv\Scripts\python.exe test_models.py > test_output.txt 2>&1
+ ~~~~~~~~~~~~~~~~~~~~~~~~~~~~~~~~~~~~~~~~~~~~~~~~~~~~~~~~~~~~~
    + CategoryInfo          : NotSpecified: (WARNING:tensorf...ntropy instead.:String) [], RemoteException
    + FullyQualifiedErrorId : NativeCommandError
 

TensorFlow version: 2.15.0
Attempting to load final_bilstm_model.h5...
Failed to load final_bilstm_model.h5: Error when deserializing class 'InputLayer' using config={'batch_shape': [None, 7, 8], 'dtype': 'float32', 'sparse': False, 'ragged': False, 'name': 'input_layer_5', 'optional': False}.

Exception encountered: Unrecognized keyword arguments: ['batch_shape', 'optional']
Attempting to load model_sar.keras...
Failed to load model_sar.keras: Could not deserialize class 'Functional' because its parent module keras.src.models.functional cannot be imported. Full object config: {'module': 'keras.src.models.functional', 'class_name': 'Functional', 'config': {'name': 'functional', 'trainable': True, 'layers': [{'module': 'keras.layers', 'class_name': 'InputLayer', 'config': {'batch_shape': [None, 5, 64, 64, 2], 'dtype': 'float32', 'sparse': False, 'ragged': False, 'name': 'input_layer', 'optional': False}, 'registered_name': None, 'name': 'input_layer', 'inbound_nodes': []}, {'module': 'keras.layers', 'class_name': 'ConvLSTM2D', 'config': {'name': 'conv_lstm2d', 'trainable': True, 'dtype': {'module': 'keras', 'class_name': 'DTypePolicy', 'config': {'name': 'float32'}, 'registered_name': None}, 'return_sequences': True, 'return_state': False, 'go_backwards': False, 'stateful': False, 'unroll': False, 'zero_output_for_mask': False, 'filters': 32, 'kernel_size': [3, 3], 'strides': [1, 1], 'padding': 'same', 'data_format': 'channels_last', 'dilation_rate': [1, 1], 'activation': 'relu', 'recurrent_activation': 'sigmoid', 'use_bias': True, 'kernel_initializer': {'module': 'keras.initializers', 'class_name': 'GlorotUniform', 'config': {'seed': None}, 'registered_name': None, 'shared_object_id': 138484646803120}, 'recurrent_initializer': {'module': 'keras.initializers', 'class_name': 'Orthogonal', 'config': {'seed': None, 'gain': 1.0}, 'registered_name': None, 'shared_object_id': 138484648761472}, 'bias_initializer': {'module': 'keras.initializers', 'class_name': 'Zeros', 'config': {}, 'registered_name': None, 'shared_object_id': 138484646856560}, 'unit_forget_bias': True, 'kernel_regularizer': None, 'recurrent_regularizer': None, 'bias_regularizer': None, 'activity_regularizer': None, 'kernel_constraint': None, 'recurrent_constraint': None, 'bias_constraint': None, 'dropout': 0.0, 'recurrent_dropout': 0.0, 'seed': None}, 'registered_name': None, 'build_config': {'input_shape': [None, 5, 64, 64, 2]}, 'name': 'conv_lstm2d', 'inbound_nodes': [{'args': [{'class_name': '__keras_tensor__', 'config': {'shape': [None, 5, 64, 64, 2], 'dtype': 'float32', 'keras_history': ['input_layer', 0, 0]}}], 'kwargs': {'training': False, 'mask': None}}]}, {'module': 'keras.layers', 'class_name': 'BatchNormalization', 'config': {'name': 'batch_normalization', 'trainable': True, 'dtype': {'module': 'keras', 'class_name': 'DTypePolicy', 'config': {'name': 'float32'}, 'registered_name': None}, 'axis': -1, 'momentum': 0.99, 'epsilon': 0.001, 'center': True, 'scale': True, 'beta_initializer': {'module': 'keras.initializers', 'class_name': 'Zeros', 'config': {}, 'registered_name': None}, 'gamma_initializer': {'module': 'keras.initializers', 'class_name': 'Ones', 'config': {}, 'registered_name': None}, 'moving_mean_initializer': {'module': 'keras.initializers', 'class_name': 'Zeros', 'config': {}, 'registered_name': None}, 'moving_variance_initializer': {'module': 'keras.initializers', 'class_name': 'Ones', 'config': {}, 'registered_name': None}, 'beta_regularizer': None, 'gamma_regularizer': None, 'beta_constraint': None, 'gamma_constraint': None, 'synchronized': False}, 'registered_name': None, 'build_config': {'input_shape': [None, 5, 64, 64, 32]}, 'name': 'batch_normalization', 'inbound_nodes': [{'args': [{'class_name': '__keras_tensor__', 'config': {'shape': [None, 5, 64, 64, 32], 'dtype': 'float32', 'keras_history': ['conv_lstm2d', 0, 0]}}], 'kwargs': {'mask': None}}]}, {'module': 'keras.layers', 'class_name': 'ConvLSTM2D', 'config': {'name': 'conv_lstm2d_1', 'trainable': True, 'dtype': {'module': 'keras', 'class_name': 'DTypePolicy', 'config': {'name': 'float32'}, 'registered_name': None}, 'return_sequences': False, 'return_state': False, 'go_backwards': False, 'stateful': False, 'unroll': False, 'zero_output_for_mask': False, 'filters': 32, 'kernel_size': [3, 3], 'strides': [1, 1], 'padding': 'same', 'data_format': 'channels_last', 'dilation_rate': [1, 1], 'activation': 'relu', 'recurrent_activation': 'sigmoid', 'use_bias': True, 'kernel_initializer': {'module': 'keras.initializers', 'class_name': 'GlorotUniform', 'config': {'seed': None}, 'registered_name': None, 'shared_object_id': 138484645988544}, 'recurrent_initializer': {'module': 'keras.initializers', 'class_name': 'Orthogonal', 'config': {'seed': None, 'gain': 1.0}, 'registered_name': None, 'shared_object_id': 138484645989792}, 'bias_initializer': {'module': 'keras.initializers', 'class_name': 'Zeros', 'config': {}, 'registered_name': None, 'shared_object_id': 138484645988256}, 'unit_forget_bias': True, 'kernel_regularizer': None, 'recurrent_regularizer': None, 'bias_regularizer': None, 'activity_regularizer': None, 'kernel_constraint': None, 'recurrent_constraint': None, 'bias_constraint': None, 'dropout': 0.0, 'recurrent_dropout': 0.0, 'seed': None}, 'registered_name': None, 'build_config': {'input_shape': [None, 5, 64, 64, 32]}, 'name': 'conv_lstm2d_1', 'inbound_nodes': [{'args': [{'class_name': '__keras_tensor__', 'config': {'shape': [None, 5, 64, 64, 32], 'dtype': 'float32', 'keras_history': ['batch_normalization', 0, 0]}}], 'kwargs': {'training': False, 'mask': None}}]}, {'module': 'keras.layers', 'class_name': 'BatchNormalization', 'config': {'name': 'batch_normalization_1', 'trainable': True, 'dtype': {'module': 'keras', 'class_name': 'DTypePolicy', 'config': {'name': 'float32'}, 'registered_name': None}, 'axis': -1, 'momentum': 0.99, 'epsilon': 0.001, 'center': True, 'scale': True, 'beta_initializer': {'module': 'keras.initializers', 'class_name': 'Zeros', 'config': {}, 'registered_name': None}, 'gamma_initializer': {'module': 'keras.initializers', 'class_name': 'Ones', 'config': {}, 'registered_name': None}, 'moving_mean_initializer': {'module': 'keras.initializers', 'class_name': 'Zeros', 'config': {}, 'registered_name': None}, 'moving_variance_initializer': {'module': 'keras.initializers', 'class_name': 'Ones', 'config': {}, 'registered_name': None}, 'beta_regularizer': None, 'gamma_regularizer': None, 'beta_constraint': None, 'gamma_constraint': None, 'synchronized': False}, 'registered_name': None, 'build_config': {'input_shape': [None, 64, 64, 32]}, 'name': 'batch_normalization_1', 'inbound_nodes': [{'args': [{'class_name': '__keras_tensor__', 'config': {'shape': [None, 64, 64, 32], 'dtype': 'float32', 'keras_history': ['conv_lstm2d_1', 0, 0]}}], 'kwargs': {'mask': None}}]}, {'module': 'keras.layers', 'class_name': 'Conv2D', 'config': {'name': 'conv2d', 'trainable': True, 'dtype': {'module': 'keras', 'class_name': 'DTypePolicy', 'config': {'name': 'float32'}, 'registered_name': None}, 'filters': 32, 'kernel_size': [3, 3], 'strides': [1, 1], 'padding': 'same', 'data_format': 'channels_last', 'dilation_rate': [1, 1], 'groups': 1, 'activation': 'relu', 'use_bias': True, 'kernel_initializer': {'module': 'keras.initializers', 'class_name': 'GlorotUniform', 'config': {'seed': None}, 'registered_name': None}, 'bias_initializer': {'module': 'keras.initializers', 'class_name': 'Zeros', 'config': {}, 'registered_name': None}, 'kernel_regularizer': None, 'bias_regularizer': None, 'activity_regularizer': None, 'kernel_constraint': None, 'bias_constraint': None}, 'registered_name': None, 'build_config': {'input_shape': [None, 64, 64, 32]}, 'name': 'conv2d', 'inbound_nodes': [{'args': [{'class_name': '__keras_tensor__', 'config': {'shape': [None, 64, 64, 32], 'dtype': 'float32', 'keras_history': ['batch_normalization_1', 0, 0]}}], 'kwargs': {}}]}, {'module': 'keras.layers', 'class_name': 'MaxPooling2D', 'config': {'name': 'max_pooling2d', 'trainable': True, 'dtype': {'module': 'keras', 'class_name': 'DTypePolicy', 'config': {'name': 'float32'}, 'registered_name': None}, 'pool_size': [2, 2], 'padding': 'valid', 'strides': [2, 2], 'data_format': 'channels_last'}, 'registered_name': None, 'name': 'max_pooling2d', 'inbound_nodes': [{'args': [{'class_name': '__keras_tensor__', 'config': {'shape': [None, 64, 64, 32], 'dtype': 'float32', 'keras_history': ['conv2d', 0, 0]}}], 'kwargs': {}}]}, {'module': 'keras.layers', 'class_name': 'Conv2D', 'config': {'name': 'conv2d_1', 'trainable': True, 'dtype': {'module': 'keras', 'class_name': 'DTypePolicy', 'config': {'name': 'float32'}, 'registered_name': None}, 'filters': 64, 'kernel_size': [3, 3], 'strides': [1, 1], 'padding': 'same', 'data_format': 'channels_last', 'dilation_rate': [1, 1], 'groups': 1, 'activation': 'relu', 'use_bias': True, 'kernel_initializer': {'module': 'keras.initializers', 'class_name': 'GlorotUniform', 'config': {'seed': None}, 'registered_name': None}, 'bias_initializer': {'module': 'keras.initializers', 'class_name': 'Zeros', 'config': {}, 'registered_name': None}, 'kernel_regularizer': None, 'bias_regularizer': None, 'activity_regularizer': None, 'kernel_constraint': None, 'bias_constraint': None}, 'registered_name': None, 'build_config': {'input_shape': [None, 32, 32, 32]}, 'name': 'conv2d_1', 'inbound_nodes': [{'args': [{'class_name': '__keras_tensor__', 'config': {'shape': [None, 32, 32, 32], 'dtype': 'float32', 'keras_history': ['max_pooling2d', 0, 0]}}], 'kwargs': {}}]}, {'module': 'keras.layers', 'class_name': 'MaxPooling2D', 'config': {'name': 'max_pooling2d_1', 'trainable': True, 'dtype': {'module': 'keras', 'class_name': 'DTypePolicy', 'config': {'name': 'float32'}, 'registered_name': None}, 'pool_size': [2, 2], 'padding': 'valid', 'strides': [2, 2], 'data_format': 'channels_last'}, 'registered_name': None, 'name': 'max_pooling2d_1', 'inbound_nodes': [{'args': [{'class_name': '__keras_tensor__', 'config': {'shape': [None, 32, 32, 64], 'dtype': 'float32', 'keras_history': ['conv2d_1', 0, 0]}}], 'kwargs': {}}]}, {'module': 'keras.layers', 'class_name': 'Conv2D', 'config': {'name': 'conv2d_2', 'trainable': True, 'dtype': {'module': 'keras', 'class_name': 'DTypePolicy', 'config': {'name': 'float32'}, 'registered_name': None}, 'filters': 128, 'kernel_size': [3, 3], 'strides': [1, 1], 'padding': 'same', 'data_format': 'channels_last', 'dilation_rate': [1, 1], 'groups': 1, 'activation': 'relu', 'use_bias': True, 'kernel_initializer': {'module': 'keras.initializers', 'class_name': 'GlorotUniform', 'config': {'seed': None}, 'registered_name': None}, 'bias_initializer': {'module': 'keras.initializers', 'class_name': 'Zeros', 'config': {}, 'registered_name': None}, 'kernel_regularizer': None, 'bias_regularizer': None, 'activity_regularizer': None, 'kernel_constraint': None, 'bias_constraint': None}, 'registered_name': None, 'build_config': {'input_shape': [None, 16, 16, 64]}, 'name': 'conv2d_2', 'inbound_nodes': [{'args': [{'class_name': '__keras_tensor__', 'config': {'shape': [None, 16, 16, 64], 'dtype': 'float32', 'keras_history': ['max_pooling2d_1', 0, 0]}}], 'kwargs': {}}]}, {'module': 'keras.layers', 'class_name': 'UpSampling2D', 'config': {'name': 'up_sampling2d', 'trainable': True, 'dtype': {'module': 'keras', 'class_name': 'DTypePolicy', 'config': {'name': 'float32'}, 'registered_name': None}, 'size': [2, 2], 'data_format': 'channels_last', 'interpolation': 'nearest'}, 'registered_name': None, 'build_config': {'input_shape': [None, 16, 16, 128]}, 'name': 'up_sampling2d', 'inbound_nodes': [{'args': [{'class_name': '__keras_tensor__', 'config': {'shape': [None, 16, 16, 128], 'dtype': 'float32', 'keras_history': ['conv2d_2', 0, 0]}}], 'kwargs': {}}]}, {'module': 'keras.layers', 'class_name': 'Concatenate', 'config': {'name': 'concatenate', 'trainable': True, 'dtype': {'module': 'keras', 'class_name': 'DTypePolicy', 'config': {'name': 'float32'}, 'registered_name': None}, 'axis': -1}, 'registered_name': None, 'build_config': {'input_shape': [[None, 32, 32, 128], [None, 32, 32, 64]]}, 'name': 'concatenate', 'inbound_nodes': [{'args': [[{'class_name': '__keras_tensor__', 'config': {'shape': [None, 32, 32, 128], 'dtype': 'float32', 'keras_history': ['up_sampling2d', 0, 0]}}, {'class_name': '__keras_tensor__', 'config': {'shape': [None, 32, 32, 64], 'dtype': 'float32', 'keras_history': ['conv2d_1', 0, 0]}}]], 'kwargs': {}}]}, {'module': 'keras.layers', 'class_name': 'Conv2D', 'config': {'name': 'conv2d_3', 'trainable': True, 'dtype': {'module': 'keras', 'class_name': 'DTypePolicy', 'config': {'name': 'float32'}, 'registered_name': None}, 'filters': 64, 'kernel_size': [3, 3], 'strides': [1, 1], 'padding': 'same', 'data_format': 'channels_last', 'dilation_rate': [1, 1], 'groups': 1, 'activation': 'relu', 'use_bias': True, 'kernel_initializer': {'module': 'keras.initializers', 'class_name': 'GlorotUniform', 'config': {'seed': None}, 'registered_name': None}, 'bias_initializer': {'module': 'keras.initializers', 'class_name': 'Zeros', 'config': {}, 'registered_name': None}, 'kernel_regularizer': None, 'bias_regularizer': None, 'activity_regularizer': None, 'kernel_constraint': None, 'bias_constraint': None}, 'registered_name': None, 'build_config': {'input_shape': [None, 32, 32, 192]}, 'name': 'conv2d_3', 'inbound_nodes': [{'args': [{'class_name': '__keras_tensor__', 'config': {'shape': [None, 32, 32, 192], 'dtype': 'float32', 'keras_history': ['concatenate', 0, 0]}}], 'kwargs': {}}]}, {'module': 'keras.layers', 'class_name': 'UpSampling2D', 'config': {'name': 'up_sampling2d_1', 'trainable': True, 'dtype': {'module': 'keras', 'class_name': 'DTypePolicy', 'config': {'name': 'float32'}, 'registered_name': None}, 'size': [2, 2], 'data_format': 'channels_last', 'interpolation': 'nearest'}, 'registered_name': None, 'build_config': {'input_shape': [None, 32, 32, 64]}, 'name': 'up_sampling2d_1', 'inbound_nodes': [{'args': [{'class_name': '__keras_tensor__', 'config': {'shape': [None, 32, 32, 64], 'dtype': 'float32', 'keras_history': ['conv2d_3', 0, 0]}}], 'kwargs': {}}]}, {'module': 'keras.layers', 'class_name': 'Concatenate', 'config': {'name': 'concatenate_1', 'trainable': True, 'dtype': {'module': 'keras', 'class_name': 'DTypePolicy', 'config': {'name': 'float32'}, 'registered_name': None}, 'axis': -1}, 'registered_name': None, 'build_config': {'input_shape': [[None, 64, 64, 64], [None, 64, 64, 32]]}, 'name': 'concatenate_1', 'inbound_nodes': [{'args': [[{'class_name': '__keras_tensor__', 'config': {'shape': [None, 64, 64, 64], 'dtype': 'float32', 'keras_history': ['up_sampling2d_1', 0, 0]}}, {'class_name': '__keras_tensor__', 'config': {'shape': [None, 64, 64, 32], 'dtype': 'float32', 'keras_history': ['conv2d', 0, 0]}}]], 'kwargs': {}}]}, {'module': 'keras.layers', 'class_name': 'Conv2D', 'config': {'name': 'conv2d_4', 'trainable': True, 'dtype': {'module': 'keras', 'class_name': 'DTypePolicy', 'config': {'name': 'float32'}, 'registered_name': None}, 'filters': 32, 'kernel_size': [3, 3], 'strides': [1, 1], 'padding': 'same', 'data_format': 'channels_last', 'dilation_rate': [1, 1], 'groups': 1, 'activation': 'relu', 'use_bias': True, 'kernel_initializer': {'module': 'keras.initializers', 'class_name': 'GlorotUniform', 'config': {'seed': None}, 'registered_name': None}, 'bias_initializer': {'module': 'keras.initializers', 'class_name': 'Zeros', 'config': {}, 'registered_name': None}, 'kernel_regularizer': None, 'bias_regularizer': None, 'activity_regularizer': None, 'kernel_constraint': None, 'bias_constraint': None}, 'registered_name': None, 'build_config': {'input_shape': [None, 64, 64, 96]}, 'name': 'conv2d_4', 'inbound_nodes': [{'args': [{'class_name': '__keras_tensor__', 'config': {'shape': [None, 64, 64, 96], 'dtype': 'float32', 'keras_history': ['concatenate_1', 0, 0]}}], 'kwargs': {}}]}, {'module': 'keras.layers', 'class_name': 'Conv2D', 'config': {'name': 'conv2d_5', 'trainable': True, 'dtype': {'module': 'keras', 'class_name': 'DTypePolicy', 'config': {'name': 'float32'}, 'registered_name': None}, 'filters': 1, 'kernel_size': [1, 1], 'strides': [1, 1], 'padding': 'valid', 'data_format': 'channels_last', 'dilation_rate': [1, 1], 'groups': 1, 'activation': 'sigmoid', 'use_bias': True, 'kernel_initializer': {'module': 'keras.initializers', 'class_name': 'GlorotUniform', 'config': {'seed': None}, 'registered_name': None}, 'bias_initializer': {'module': 'keras.initializers', 'class_name': 'Zeros', 'config': {}, 'registered_name': None}, 'kernel_regularizer': None, 'bias_regularizer': None, 'activity_regularizer': None, 'kernel_constraint': None, 'bias_constraint': None}, 'registered_name': None, 'build_config': {'input_shape': [None, 64, 64, 32]}, 'name': 'conv2d_5', 'inbound_nodes': [{'args': [{'class_name': '__keras_tensor__', 'config': {'shape': [None, 64, 64, 32], 'dtype': 'float32', 'keras_history': ['conv2d_4', 0, 0]}}], 'kwargs': {}}]}], 'input_layers': ['input_layer', 0, 0], 'output_layers': ['conv2d_5', 0, 0]}, 'registered_name': 'Functional', 'build_config': {'input_shape': None}, 'compile_config': None}
Attempting to load final_model.keras...
Failed to load final_model.keras: Could not deserialize class 'Functional' because its parent module keras.src.models.functional cannot be imported. Full object config: {'module': 'keras.src.models.functional', 'class_name': 'Functional', 'config': {'name': 'functional', 'trainable': True, 'layers': [{'module': 'keras.layers', 'class_name': 'InputLayer', 'config': {'batch_shape': [None, 5, 64, 64, 2], 'dtype': 'float32', 'sparse': False, 'ragged': False, 'name': 'input_layer', 'optional': False}, 'registered_name': None, 'name': 'input_layer', 'inbound_nodes': []}, {'module': 'keras.layers', 'class_name': 'ConvLSTM2D', 'config': {'name': 'conv_lstm2d', 'trainable': True, 'dtype': {'module': 'keras', 'class_name': 'DTypePolicy', 'config': {'name': 'float32'}, 'registered_name': None, 'shared_object_id': 138487088479648}, 'return_sequences': True, 'return_state': False, 'go_backwards': False, 'stateful': False, 'unroll': False, 'zero_output_for_mask': False, 'filters': 32, 'kernel_size': [3, 3], 'strides': [1, 1], 'padding': 'same', 'data_format': 'channels_last', 'dilation_rate': [1, 1], 'activation': 'relu', 'recurrent_activation': 'sigmoid', 'use_bias': True, 'kernel_initializer': {'module': 'keras.initializers', 'class_name': 'GlorotUniform', 'config': {'seed': None}, 'registered_name': None, 'shared_object_id': 138487103820032}, 'recurrent_initializer': {'module': 'keras.initializers', 'class_name': 'Orthogonal', 'config': {'seed': None, 'gain': 1.0}, 'registered_name': None, 'shared_object_id': 138487104059872}, 'bias_initializer': {'module': 'keras.initializers', 'class_name': 'Zeros', 'config': {}, 'registered_name': None, 'shared_object_id': 138487118809328}, 'unit_forget_bias': True, 'kernel_regularizer': None, 'recurrent_regularizer': None, 'bias_regularizer': None, 'activity_regularizer': None, 'kernel_constraint': None, 'recurrent_constraint': None, 'bias_constraint': None, 'dropout': 0.0, 'recurrent_dropout': 0.0, 'seed': None}, 'registered_name': None, 'build_config': {'input_shape': [None, 5, 64, 64, 2]}, 'name': 'conv_lstm2d', 'inbound_nodes': [{'args': [{'class_name': '__keras_tensor__', 'config': {'shape': [None, 5, 64, 64, 2], 'dtype': 'float32', 'keras_history': ['input_layer', 0, 0]}}], 'kwargs': {'training': False, 'mask': None}}]}, {'module': 'keras.layers', 'class_name': 'BatchNormalization', 'config': {'name': 'batch_normalization', 'trainable': True, 'dtype': {'module': 'keras', 'class_name': 'DTypePolicy', 'config': {'name': 'float32'}, 'registered_name': None, 'shared_object_id': 138487088479648}, 'axis': -1, 'momentum': 0.99, 'epsilon': 0.001, 'center': True, 'scale': True, 'beta_initializer': {'module': 'keras.initializers', 'class_name': 'Zeros', 'config': {}, 'registered_name': None}, 'gamma_initializer': {'module': 'keras.initializers', 'class_name': 'Ones', 'config': {}, 'registered_name': None}, 'moving_mean_initializer': {'module': 'keras.initializers', 'class_name': 'Zeros', 'config': {}, 'registered_name': None}, 'moving_variance_initializer': {'module': 'keras.initializers', 'class_name': 'Ones', 'config': {}, 'registered_name': None}, 'beta_regularizer': None, 'gamma_regularizer': None, 'beta_constraint': None, 'gamma_constraint': None, 'synchronized': False}, 'registered_name': None, 'build_config': {'input_shape': [None, 5, 64, 64, 32]}, 'name': 'batch_normalization', 'inbound_nodes': [{'args': [{'class_name': '__keras_tensor__', 'config': {'shape': [None, 5, 64, 64, 32], 'dtype': 'float32', 'keras_history': ['conv_lstm2d', 0, 0]}}], 'kwargs': {'mask': None}}]}, {'module': 'keras.layers', 'class_name': 'ConvLSTM2D', 'config': {'name': 'conv_lstm2d_1', 'trainable': True, 'dtype': {'module': 'keras', 'class_name': 'DTypePolicy', 'config': {'name': 'float32'}, 'registered_name': None, 'shared_object_id': 138487088479648}, 'return_sequences': False, 'return_state': False, 'go_backwards': False, 'stateful': False, 'unroll': False, 'zero_output_for_mask': False, 'filters': 32, 'kernel_size': [3, 3], 'strides': [1, 1], 'padding': 'same', 'data_format': 'channels_last', 'dilation_rate': [1, 1], 'activation': 'relu', 'recurrent_activation': 'sigmoid', 'use_bias': True, 'kernel_initializer': {'module': 'keras.initializers', 'class_name': 'GlorotUniform', 'config': {'seed': None}, 'registered_name': None, 'shared_object_id': 138487088673856}, 'recurrent_initializer': {'module': 'keras.initializers', 'class_name': 'Orthogonal', 'config': {'seed': None, 'gain': 1.0}, 'registered_name': None, 'shared_object_id': 138487088673952}, 'bias_initializer': {'module': 'keras.initializers', 'class_name': 'Zeros', 'config': {}, 'registered_name': None, 'shared_object_id': 138487088674144}, 'unit_forget_bias': True, 'kernel_regularizer': None, 'recurrent_regularizer': None, 'bias_regularizer': None, 'activity_regularizer': None, 'kernel_constraint': None, 'recurrent_constraint': None, 'bias_constraint': None, 'dropout': 0.0, 'recurrent_dropout': 0.0, 'seed': None}, 'registered_name': None, 'build_config': {'input_shape': [None, 5, 64, 64, 32]}, 'name': 'conv_lstm2d_1', 'inbound_nodes': [{'args': [{'class_name': '__keras_tensor__', 'config': {'shape': [None, 5, 64, 64, 32], 'dtype': 'float32', 'keras_history': ['batch_normalization', 0, 0]}}], 'kwargs': {'training': False, 'mask': None}}]}, {'module': 'keras.layers', 'class_name': 'BatchNormalization', 'config': {'name': 'batch_normalization_1', 'trainable': True, 'dtype': {'module': 'keras', 'class_name': 'DTypePolicy', 'config': {'name': 'float32'}, 'registered_name': None, 'shared_object_id': 138487088479648}, 'axis': -1, 'momentum': 0.99, 'epsilon': 0.001, 'center': True, 'scale': True, 'beta_initializer': {'module': 'keras.initializers', 'class_name': 'Zeros', 'config': {}, 'registered_name': None}, 'gamma_initializer': {'module': 'keras.initializers', 'class_name': 'Ones', 'config': {}, 'registered_name': None}, 'moving_mean_initializer': {'module': 'keras.initializers', 'class_name': 'Zeros', 'config': {}, 'registered_name': None}, 'moving_variance_initializer': {'module': 'keras.initializers', 'class_name': 'Ones', 'config': {}, 'registered_name': None}, 'beta_regularizer': None, 'gamma_regularizer': None, 'beta_constraint': None, 'gamma_constraint': None, 'synchronized': False}, 'registered_name': None, 'build_config': {'input_shape': [None, 64, 64, 32]}, 'name': 'batch_normalization_1', 'inbound_nodes': [{'args': [{'class_name': '__keras_tensor__', 'config': {'shape': [None, 64, 64, 32], 'dtype': 'float32', 'keras_history': ['conv_lstm2d_1', 0, 0]}}], 'kwargs': {'mask': None}}]}, {'module': 'keras.layers', 'class_name': 'Conv2D', 'config': {'name': 'conv2d', 'trainable': True, 'dtype': {'module': 'keras', 'class_name': 'DTypePolicy', 'config': {'name': 'float32'}, 'registered_name': None, 'shared_object_id': 138487088479648}, 'filters': 32, 'kernel_size': [3, 3], 'strides': [1, 1], 'padding': 'same', 'data_format': 'channels_last', 'dilation_rate': [1, 1], 'groups': 1, 'activation': 'relu', 'use_bias': True, 'kernel_initializer': {'module': 'keras.initializers', 'class_name': 'GlorotUniform', 'config': {'seed': None}, 'registered_name': None}, 'bias_initializer': {'module': 'keras.initializers', 'class_name': 'Zeros', 'config': {}, 'registered_name': None}, 'kernel_regularizer': None, 'bias_regularizer': None, 'activity_regularizer': None, 'kernel_constraint': None, 'bias_constraint': None}, 'registered_name': None, 'build_config': {'input_shape': [None, 64, 64, 32]}, 'name': 'conv2d', 'inbound_nodes': [{'args': [{'class_name': '__keras_tensor__', 'config': {'shape': [None, 64, 64, 32], 'dtype': 'float32', 'keras_history': ['batch_normalization_1', 0, 0]}}], 'kwargs': {}}]}, {'module': 'keras.layers', 'class_name': 'MaxPooling2D', 'config': {'name': 'max_pooling2d', 'trainable': True, 'dtype': {'module': 'keras', 'class_name': 'DTypePolicy', 'config': {'name': 'float32'}, 'registered_name': None, 'shared_object_id': 138487088479648}, 'pool_size': [2, 2], 'padding': 'valid', 'strides': [2, 2], 'data_format': 'channels_last'}, 'registered_name': None, 'name': 'max_pooling2d', 'inbound_nodes': [{'args': [{'class_name': '__keras_tensor__', 'config': {'shape': [None, 64, 64, 32], 'dtype': 'float32', 'keras_history': ['conv2d', 0, 0]}}], 'kwargs': {}}]}, {'module': 'keras.layers', 'class_name': 'Conv2D', 'config': {'name': 'conv2d_1', 'trainable': True, 'dtype': {'module': 'keras', 'class_name': 'DTypePolicy', 'config': {'name': 'float32'}, 'registered_name': None, 'shared_object_id': 138487088479648}, 'filters': 64, 'kernel_size': [3, 3], 'strides': [1, 1], 'padding': 'same', 'data_format': 'channels_last', 'dilation_rate': [1, 1], 'groups': 1, 'activation': 'relu', 'use_bias': True, 'kernel_initializer': {'module': 'keras.initializers', 'class_name': 'GlorotUniform', 'config': {'seed': None}, 'registered_name': None}, 'bias_initializer': {'module': 'keras.initializers', 'class_name': 'Zeros', 'config': {}, 'registered_name': None}, 'kernel_regularizer': None, 'bias_regularizer': None, 'activity_regularizer': None, 'kernel_constraint': None, 'bias_constraint': None}, 'registered_name': None, 'build_config': {'input_shape': [None, 32, 32, 32]}, 'name': 'conv2d_1', 'inbound_nodes': [{'args': [{'class_name': '__keras_tensor__', 'config': {'shape': [None, 32, 32, 32], 'dtype': 'float32', 'keras_history': ['max_pooling2d', 0, 0]}}], 'kwargs': {}}]}, {'module': 'keras.layers', 'class_name': 'MaxPooling2D', 'config': {'name': 'max_pooling2d_1', 'trainable': True, 'dtype': {'module': 'keras', 'class_name': 'DTypePolicy', 'config': {'name': 'float32'}, 'registered_name': None, 'shared_object_id': 138487088479648}, 'pool_size': [2, 2], 'padding': 'valid', 'strides': [2, 2], 'data_format': 'channels_last'}, 'registered_name': None, 'name': 'max_pooling2d_1', 'inbound_nodes': [{'args': [{'class_name': '__keras_tensor__', 'config': {'shape': [None, 32, 32, 64], 'dtype': 'float32', 'keras_history': ['conv2d_1', 0, 0]}}], 'kwargs': {}}]}, {'module': 'keras.layers', 'class_name': 'Conv2D', 'config': {'name': 'conv2d_2', 'trainable': True, 'dtype': {'module': 'keras', 'class_name': 'DTypePolicy', 'config': {'name': 'float32'}, 'registered_name': None, 'shared_object_id': 138487088479648}, 'filters': 128, 'kernel_size': [3, 3], 'strides': [1, 1], 'padding': 'same', 'data_format': 'channels_last', 'dilation_rate': [1, 1], 'groups': 1, 'activation': 'relu', 'use_bias': True, 'kernel_initializer': {'module': 'keras.initializers', 'class_name': 'GlorotUniform', 'config': {'seed': None}, 'registered_name': None}, 'bias_initializer': {'module': 'keras.initializers', 'class_name': 'Zeros', 'config': {}, 'registered_name': None}, 'kernel_regularizer': None, 'bias_regularizer': None, 'activity_regularizer': None, 'kernel_constraint': None, 'bias_constraint': None}, 'registered_name': None, 'build_config': {'input_shape': [None, 16, 16, 64]}, 'name': 'conv2d_2', 'inbound_nodes': [{'args': [{'class_name': '__keras_tensor__', 'config': {'shape': [None, 16, 16, 64], 'dtype': 'float32', 'keras_history': ['max_pooling2d_1', 0, 0]}}], 'kwargs': {}}]}, {'module': 'keras.layers', 'class_name': 'UpSampling2D', 'config': {'name': 'up_sampling2d', 'trainable': True, 'dtype': {'module': 'keras', 'class_name': 'DTypePolicy', 'config': {'name': 'float32'}, 'registered_name': None, 'shared_object_id': 138487088479648}, 'size': [2, 2], 'data_format': 'channels_last', 'interpolation': 'nearest'}, 'registered_name': None, 'build_config': {'input_shape': [None, 16, 16, 128]}, 'name': 'up_sampling2d', 'inbound_nodes': [{'args': [{'class_name': '__keras_tensor__', 'config': {'shape': [None, 16, 16, 128], 'dtype': 'float32', 'keras_history': ['conv2d_2', 0, 0]}}], 'kwargs': {}}]}, {'module': 'keras.layers', 'class_name': 'Concatenate', 'config': {'name': 'concatenate', 'trainable': True, 'dtype': {'module': 'keras', 'class_name': 'DTypePolicy', 'config': {'name': 'float32'}, 'registered_name': None, 'shared_object_id': 138487088479648}, 'axis': -1}, 'registered_name': None, 'build_config': {'input_shape': [[None, 32, 32, 128], [None, 32, 32, 64]]}, 'name': 'concatenate', 'inbound_nodes': [{'args': [[{'class_name': '__keras_tensor__', 'config': {'shape': [None, 32, 32, 128], 'dtype': 'float32', 'keras_history': ['up_sampling2d', 0, 0]}}, {'class_name': '__keras_tensor__', 'config': {'shape': [None, 32, 32, 64], 'dtype': 'float32', 'keras_history': ['conv2d_1', 0, 0]}}]], 'kwargs': {}}]}, {'module': 'keras.layers', 'class_name': 'Conv2D', 'config': {'name': 'conv2d_3', 'trainable': True, 'dtype': {'module': 'keras', 'class_name': 'DTypePolicy', 'config': {'name': 'float32'}, 'registered_name': None, 'shared_object_id': 138487088479648}, 'filters': 64, 'kernel_size': [3, 3], 'strides': [1, 1], 'padding': 'same', 'data_format': 'channels_last', 'dilation_rate': [1, 1], 'groups': 1, 'activation': 'relu', 'use_bias': True, 'kernel_initializer': {'module': 'keras.initializers', 'class_name': 'GlorotUniform', 'config': {'seed': None}, 'registered_name': None}, 'bias_initializer': {'module': 'keras.initializers', 'class_name': 'Zeros', 'config': {}, 'registered_name': None}, 'kernel_regularizer': None, 'bias_regularizer': None, 'activity_regularizer': None, 'kernel_constraint': None, 'bias_constraint': None}, 'registered_name': None, 'build_config': {'input_shape': [None, 32, 32, 192]}, 'name': 'conv2d_3', 'inbound_nodes': [{'args': [{'class_name': '__keras_tensor__', 'config': {'shape': [None, 32, 32, 192], 'dtype': 'float32', 'keras_history': ['concatenate', 0, 0]}}], 'kwargs': {}}]}, {'module': 'keras.layers', 'class_name': 'UpSampling2D', 'config': {'name': 'up_sampling2d_1', 'trainable': True, 'dtype': {'module': 'keras', 'class_name': 'DTypePolicy', 'config': {'name': 'float32'}, 'registered_name': None, 'shared_object_id': 138487088479648}, 'size': [2, 2], 'data_format': 'channels_last', 'interpolation': 'nearest'}, 'registered_name': None, 'build_config': {'input_shape': [None, 32, 32, 64]}, 'name': 'up_sampling2d_1', 'inbound_nodes': [{'args': [{'class_name': '__keras_tensor__', 'config': {'shape': [None, 32, 32, 64], 'dtype': 'float32', 'keras_history': ['conv2d_3', 0, 0]}}], 'kwargs': {}}]}, {'module': 'keras.layers', 'class_name': 'Concatenate', 'config': {'name': 'concatenate_1', 'trainable': True, 'dtype': {'module': 'keras', 'class_name': 'DTypePolicy', 'config': {'name': 'float32'}, 'registered_name': None, 'shared_object_id': 138487088479648}, 'axis': -1}, 'registered_name': None, 'build_config': {'input_shape': [[None, 64, 64, 64], [None, 64, 64, 32]]}, 'name': 'concatenate_1', 'inbound_nodes': [{'args': [[{'class_name': '__keras_tensor__', 'config': {'shape': [None, 64, 64, 64], 'dtype': 'float32', 'keras_history': ['up_sampling2d_1', 0, 0]}}, {'class_name': '__keras_tensor__', 'config': {'shape': [None, 64, 64, 32], 'dtype': 'float32', 'keras_history': ['conv2d', 0, 0]}}]], 'kwargs': {}}]}, {'module': 'keras.layers', 'class_name': 'Conv2D', 'config': {'name': 'conv2d_4', 'trainable': True, 'dtype': {'module': 'keras', 'class_name': 'DTypePolicy', 'config': {'name': 'float32'}, 'registered_name': None, 'shared_object_id': 138487088479648}, 'filters': 32, 'kernel_size': [3, 3], 'strides': [1, 1], 'padding': 'same', 'data_format': 'channels_last', 'dilation_rate': [1, 1], 'groups': 1, 'activation': 'relu', 'use_bias': True, 'kernel_initializer': {'module': 'keras.initializers', 'class_name': 'GlorotUniform', 'config': {'seed': None}, 'registered_name': None}, 'bias_initializer': {'module': 'keras.initializers', 'class_name': 'Zeros', 'config': {}, 'registered_name': None}, 'kernel_regularizer': None, 'bias_regularizer': None, 'activity_regularizer': None, 'kernel_constraint': None, 'bias_constraint': None}, 'registered_name': None, 'build_config': {'input_shape': [None, 64, 64, 96]}, 'name': 'conv2d_4', 'inbound_nodes': [{'args': [{'class_name': '__keras_tensor__', 'config': {'shape': [None, 64, 64, 96], 'dtype': 'float32', 'keras_history': ['concatenate_1', 0, 0]}}], 'kwargs': {}}]}, {'module': 'keras.layers', 'class_name': 'Conv2D', 'config': {'name': 'conv2d_5', 'trainable': True, 'dtype': {'module': 'keras', 'class_name': 'DTypePolicy', 'config': {'name': 'float32'}, 'registered_name': None, 'shared_object_id': 138487088479648}, 'filters': 1, 'kernel_size': [1, 1], 'strides': [1, 1], 'padding': 'valid', 'data_format': 'channels_last', 'dilation_rate': [1, 1], 'groups': 1, 'activation': 'sigmoid', 'use_bias': True, 'kernel_initializer': {'module': 'keras.initializers', 'class_name': 'GlorotUniform', 'config': {'seed': None}, 'registered_name': None}, 'bias_initializer': {'module': 'keras.initializers', 'class_name': 'Zeros', 'config': {}, 'registered_name': None}, 'kernel_regularizer': None, 'bias_regularizer': None, 'activity_regularizer': None, 'kernel_constraint': None, 'bias_constraint': None}, 'registered_name': None, 'build_config': {'input_shape': [None, 64, 64, 32]}, 'name': 'conv2d_5', 'inbound_nodes': [{'args': [{'class_name': '__keras_tensor__', 'config': {'shape': [None, 64, 64, 32], 'dtype': 'float32', 'keras_history': ['conv2d_4', 0, 0]}}], 'kwargs': {}}]}], 'input_layers': ['input_layer', 0, 0], 'output_layers': ['conv2d_5', 0, 0]}, 'registered_name': 'Functional', 'build_config': {'input_shape': None}, 'compile_config': None}
